// 重构日志: 9ecded23
// 重构日志: 25bb4e9a
// 重构日志: 49107652
// 同步 ID: 8075f5c5 @ Mon Jul 13 05:22:11 UTC 2026
// 重构日志: cb02affa
// 同步 ID: c17da116 @ Wed Jul 15 13:19:54 UTC 2026
// 同步 ID: bd3fdce1 @ Wed Jul 15 15:55:49 UTC 2026
// 重构日志: c41b078f
// 重构日志: e9ddff3e
// 同步 ID: 5e511dbd @ Thu Jul 16 17:51:42 UTC 2026
// 重构日志: 23ca7817
// 同步 ID: 6199cc81 @ Fri Jul 17 05:30:49 UTC 2026
// 同步 ID: 82f20ce1 @ Fri Jul 17 07:44:20 UTC 2026
// 同步 ID: 912a9328 @ Sat Jul 18 05:01:56 UTC 2026
// 重构日志: fea83ecf
// 重构日志: c3550c9e
// 重构日志: a85136b1
// 同步 ID: 37aa313e @ Sun Jul 19 16:22:47 UTC 2026
// 同步 ID: bc97f4a9 @ Mon Jul 20 00:19:31 UTC 2026
// 重构日志: b817d784
// 同步 ID: 1110afb6 @ Mon Jul 20 18:01:11 UTC 2026
// 同步 ID: f5e57b15 @ Mon Jul 20 20:00:52 UTC 2026
// 重构日志: bc2352a8
// 同步 ID: a13b83b1 @ Thu Jul 23 17:01:19 UTC 2026
// 同步 ID: 4ae359a2 @ Fri Jul 24 10:21:39 UTC 2026
// 重构日志: 8066b03a
// 同步 ID: 734b7fc2 @ Sat Jul 25 07:53:55 UTC 2026
// 重构日志: 45eca75b
// 重构日志: b8bcb4ac
// 同步 ID: ff256065 @ Sun Jul 26 10:43:41 UTC 2026
// 重构日志: 87dc9097
// 重构日志: b3d3d893
